
> ai-agnet@0.0.0 build
> vite build

[36mvite v5.4.21 [32mbuilding for production...[36m[39m
transforming...
[32mΓ£ô[39m 1783 modules transformed.
npm : [31mx[39m Build failed in 4.55s
At line:1 char:1
+ npm run build > build_output.txt 2>&1
+ ~~~~~~~~~~~~~~~~~~~~~~~~~~~~~~~~~~~~~
    + CategoryInfo          : NotSpecified: ([31mx[39m Build failed in 4.55s:String) [], RemoteException
    + FullyQualifiedErrorId : NativeCommandError
 
[31merror during build:
[31msrc/components/Footer.jsx (2:30): "Facebook" is not exported by 
"node_modules/lucide-react/dist/esm/lucide-react.mjs", imported by "src/components/Footer.jsx".[31m
file: [36mD:/projects/AI AGNET/src/components/Footer.jsx:2:30[31m
[33m
1: import { Link } from 'react-router-dom';
2: import { MapPin, Phone, Mail, Facebook, Twitter, Instagram, Linkedin } from 'lucide-react';
                                 ^
3: import './Footer.css';
[31m
    at getRollupError (file:///D:/projects/AI%20AGNET/node_modules/rollup/dist/es/shared/parseAst.js:406:41)
    at error (file:///D:/projects/AI%20AGNET/node_modules/rollup/dist/es/shared/parseAst.js:402:42)
    at Module.error (file:///D:/projects/AI%20AGNET/node_modules/rollup/dist/es/shared/node-entry.js:17390:16)
    at Module.traceVariable (file:///D:/projects/AI%20AGNET/node_modules/rollup/dist/es/shared/node-entry.js:17823:29)
    at ModuleScope.findVariable 
(file:///D:/projects/AI%20AGNET/node_modules/rollup/dist/es/shared/node-entry.js:15413:39)
    at ReturnValueScope.findVariable 
(file:///D:/projects/AI%20AGNET/node_modules/rollup/dist/es/shared/node-entry.js:5682:38)
    at FunctionBodyScope.findVariable 
(file:///D:/projects/AI%20AGNET/node_modules/rollup/dist/es/shared/node-entry.js:5682:38)
    at Identifier.bind (file:///D:/projects/AI%20AGNET/node_modules/rollup/dist/es/shared/node-entry.js:5449:40)
    at CallExpression.bind (file:///D:/projects/AI%20AGNET/node_modules/rollup/dist/es/shared/node-entry.js:2827:28)
    at CallExpression.bind 
(file:///D:/projects/AI%20AGNET/node_modules/rollup/dist/es/shared/node-entry.js:12522:15)[39m
